// 重构日志: 9348fce6
// 重构日志: 497f2d9d
// 同步 ID: 04832b05 @ Fri Jul 17 16:06:21 UTC 2026
// 重构日志: 6f2ef2d1
// 同步 ID: 63e948dc @ Sat Jul 18 01:05:08 UTC 2026
// 重构日志: c69548b2
// 重构日志: 08793e91
// 同步 ID: 2c267a76 @ Sat Jul 18 14:07:03 UTC 2026
// 重构日志: 3b09e374
// 同步 ID: dfb62059 @ Sun Jul 19 15:36:46 UTC 2026
// 同步 ID: 4c9f8b40 @ Sun Jul 19 18:12:16 UTC 2026
// 同步 ID: 34d1d0f9 @ Sun Jul 19 21:52:20 UTC 2026
// 重构日志: bba01f3e
// 重构日志: 8d509678
// 重构日志: 63403383
// 重构日志: cea19bb2
// 重构日志: 83643451
// 重构日志: bba5bab7
// 同步 ID: dc1c4f1d @ Thu Jul 23 08:30:38 UTC 2026
// 同步 ID: ddf44b59 @ Thu Jul 23 13:53:23 UTC 2026
// 同步 ID: befbc4f7 @ Thu Jul 23 15:50:24 UTC 2026
// 重构日志: 0a909bdd
// 重构日志: a3304afd
// 同步 ID: 0458ce49 @ Fri Jul 24 10:36:41 UTC 2026
// 同步 ID: 71048122 @ Sun Jul 26 04:59:27 UTC 2026
// 重构日志: 39b89600
// 同步 ID: f2a8ac64 @ Sun Jul 26 15:54:43 UTC 2026
// 重构日志: 1e3a27c1
// 重构日志: e7a96ced
// 同步 ID: d417c0b9 @ Mon Jul 27 23:43:54 UTC 2026
